2026-07-16 16:06:34,943 - INFO - Detected change to latest.json
2026-07-16 16:06:42,521 - INFO - Starting Git sync...
2026-07-16 16:06:44,739 - INFO - No changes to sync. data\latest.json is already tracked and Git sees no diff.
2026-07-16 16:08:19,540 - INFO - Detected change to latest.json
2026-07-16 16:08:19,543 - INFO - Detected change to latest.json
2026-07-16 16:08:19,608 - INFO - Starting Git sync...
2026-07-16 16:08:19,993 - INFO - Staged data\latest.json
2026-07-16 16:08:20,634 - INFO - Committed (amended): Update voltage data: 13.417V at 2026-07-16 16:08:19
2026-07-16 16:08:25,994 - INFO - Pushed to origin/data-deploy (force)
2026-07-16 16:08:25,994 - INFO - Sync complete - Voltage: 13.417V
2026-07-16 16:13:20,631 - INFO - Detected change to latest.json
2026-07-16 16:13:20,635 - INFO - Detected change to latest.json
2026-07-16 16:13:21,161 - INFO - Starting Git sync...
2026-07-16 16:13:21,259 - INFO - Staged data\latest.json
2026-07-16 16:13:21,503 - INFO - Committed (amended): Update voltage data: 13.574V at 2026-07-16 16:13:21
2026-07-16 16:13:24,698 - INFO - Pushed to origin/data-deploy (force)
2026-07-16 16:13:24,699 - INFO - Sync complete - Voltage: 13.574V
2026-07-16 16:18:20,510 - INFO - Detected change to latest.json
2026-07-16 16:18:20,516 - INFO - Detected change to latest.json
2026-07-16 16:18:20,869 - INFO - Starting Git sync...
2026-07-16 16:18:20,958 - INFO - Staged data\latest.json
2026-07-16 16:18:21,109 - INFO - Committed (amended): Update voltage data: 13.532V at 2026-07-16 16:18:20
2026-07-16 16:18:24,473 - INFO - Pushed to origin/data-deploy (force)
2026-07-16 16:18:24,473 - INFO - Sync complete - Voltage: 13.532V
2026-07-16 16:23:20,717 - INFO - Detected change to latest.json
2026-07-16 16:23:20,722 - INFO - Detected change to latest.json
2026-07-16 16:23:21,631 - INFO - Starting Git sync...
2026-07-16 16:23:21,746 - INFO - Staged data\latest.json
2026-07-16 16:23:21,924 - INFO - Committed (amended): Update voltage data: 13.504V at 2026-07-16 16:23:21
2026-07-16 16:23:25,138 - INFO - Pushed to origin/data-deploy (force)
2026-07-16 16:23:25,141 - INFO - Sync complete - Voltage: 13.504V
2026-07-16 16:28:20,467 - INFO - Detected change to latest.json
2026-07-16 16:28:20,470 - INFO - Detected change to latest.json
2026-07-16 16:28:21,288 - INFO - Starting Git sync...
2026-07-16 16:28:21,499 - INFO - Staged data\latest.json
2026-07-16 16:28:21,799 - INFO - Committed (amended): Update voltage data: 13.5V at 2026-07-16 16:28:21
2026-07-16 16:28:24,456 - INFO - Pushed to origin/data-deploy (force)
2026-07-16 16:28:24,457 - INFO - Sync complete - Voltage: 13.5V
2026-07-16 16:33:20,448 - INFO - Detected change to latest.json
2026-07-16 16:33:20,454 - INFO - Detected change to latest.json
2026-07-16 16:33:20,604 - INFO - Starting Git sync...
2026-07-16 16:33:20,696 - INFO - Staged data\latest.json
2026-07-16 16:33:20,853 - INFO - Committed (amended): Update voltage data: 13.511V at 2026-07-16 16:33:20
2026-07-16 16:33:23,822 - INFO - Pushed to origin/data-deploy (force)
2026-07-16 16:33:23,822 - INFO - Sync complete - Voltage: 13.511V
2026-07-16 16:38:20,429 - INFO - Detected change to latest.json
2026-07-16 16:38:20,433 - INFO - Detected change to latest.json
2026-07-16 16:38:20,965 - INFO - Starting Git sync...
2026-07-16 16:38:21,062 - INFO - Staged data\latest.json
2026-07-16 16:38:21,211 - INFO - Committed (amended): Update voltage data: 13.504V at 2026-07-16 16:38:21
2026-07-16 16:38:24,099 - INFO - Pushed to origin/data-deploy (force)
2026-07-16 16:38:24,100 - INFO - Sync complete - Voltage: 13.504V
2026-07-16 16:43:20,585 - INFO - Detected change to latest.json
2026-07-16 16:43:20,589 - INFO - Detected change to latest.json
2026-07-16 16:43:21,441 - INFO - Starting Git sync...
2026-07-16 16:43:21,566 - INFO - Staged data\latest.json
2026-07-16 16:43:21,734 - INFO - Committed (amended): Update voltage data: 13.476V at 2026-07-16 16:43:21
2026-07-16 16:43:25,173 - INFO - Pushed to origin/data-deploy (force)
2026-07-16 16:43:25,173 - INFO - Sync complete - Voltage: 13.476V
2026-07-16 16:48:20,406 - INFO - Detected change to latest.json
2026-07-16 16:48:20,410 - INFO - Detected change to latest.json
2026-07-16 16:48:20,423 - INFO - Starting Git sync...
2026-07-16 16:48:20,525 - INFO - Staged data\latest.json
2026-07-16 16:48:20,722 - INFO - Committed (amended): Update voltage data: 13.315V at 2026-07-16 16:48:20
2026-07-16 16:48:23,892 - INFO - Pushed to origin/data-deploy (force)
2026-07-16 16:48:23,892 - INFO - Sync complete - Voltage: 13.315V
2026-07-16 16:53:20,384 - INFO - Detected change to latest.json
2026-07-16 16:53:20,393 - INFO - Detected change to latest.json
2026-07-16 16:53:21,038 - INFO - Starting Git sync...
2026-07-16 16:53:21,141 - INFO - Staged data\latest.json
2026-07-16 16:53:21,304 - INFO - Committed (amended): Update voltage data: 13.525V at 2026-07-16 16:53:21
2026-07-16 16:53:24,536 - INFO - Pushed to origin/data-deploy (force)
2026-07-16 16:53:24,536 - INFO - Sync complete - Voltage: 13.525V
2026-07-16 16:58:20,411 - INFO - Detected change to latest.json
2026-07-16 16:58:20,416 - INFO - Detected change to latest.json
2026-07-16 16:58:20,700 - INFO - Starting Git sync...
2026-07-16 16:58:20,853 - INFO - Staged data\latest.json
2026-07-16 16:58:21,055 - INFO - Committed (amended): Update voltage data: 13.434V at 2026-07-16 16:58:20
2026-07-16 16:58:25,860 - INFO - Pushed to origin/data-deploy (force)
2026-07-16 16:58:25,860 - INFO - Sync complete - Voltage: 13.434V
2026-07-16 17:03:20,350 - INFO - Detected change to latest.json
2026-07-16 17:03:20,355 - INFO - Detected change to latest.json
2026-07-16 17:03:21,073 - INFO - Starting Git sync...
2026-07-16 17:03:21,230 - INFO - Staged data\latest.json
2026-07-16 17:03:21,425 - INFO - Committed (amended): Update voltage data: 13.018V at 2026-07-16 17:03:21
2026-07-16 17:03:25,025 - INFO - Pushed to origin/data-deploy (force)
2026-07-16 17:03:25,026 - INFO - Sync complete - Voltage: 13.018V
2026-07-16 17:08:20,355 - INFO - Detected change to latest.json
2026-07-16 17:08:20,359 - INFO - Detected change to latest.json
2026-07-16 17:08:21,185 - INFO - Starting Git sync...
2026-07-16 17:08:21,282 - INFO - Staged data\latest.json
2026-07-16 17:08:21,428 - INFO - Committed (amended): Update voltage data: 13.462V at 2026-07-16 17:08:21
2026-07-16 17:08:24,360 - INFO - Pushed to origin/data-deploy (force)
2026-07-16 17:08:24,360 - INFO - Sync complete - Voltage: 13.462V
2026-07-16 17:13:20,337 - INFO - Detected change to latest.json
2026-07-16 17:13:20,346 - INFO - Detected change to latest.json
2026-07-16 17:13:20,496 - INFO - Starting Git sync...
2026-07-16 17:13:20,603 - INFO - Staged data\latest.json
2026-07-16 17:13:20,754 - INFO - Committed (amended): Update voltage data: 13.479V at 2026-07-16 17:13:20
2026-07-16 17:13:24,085 - INFO - Pushed to origin/data-deploy (force)
2026-07-16 17:13:24,086 - INFO - Sync complete - Voltage: 13.479V
2026-07-16 17:18:20,318 - INFO - Detected change to latest.json
2026-07-16 17:18:20,322 - INFO - Detected change to latest.json
2026-07-16 17:18:21,218 - INFO - Starting Git sync...
2026-07-16 17:18:21,311 - INFO - Staged data\latest.json
2026-07-16 17:18:21,454 - INFO - Committed (amended): Update voltage data: 12.994V at 2026-07-16 17:18:21
2026-07-16 17:18:32,620 - ERROR - Git push failed: fatal: unable to access 'https://github.com/ollieadams23/arduino_voltage_monitor.git/': Could not resolve host: github.com

2026-07-16 17:18:32,620 - ERROR - You may need to configure Git credentials or check network connection
2026-07-16 17:23:24,289 - INFO - Detected change to latest.json
2026-07-16 17:23:24,755 - INFO - Starting Git sync...
2026-07-16 17:23:24,862 - INFO - Staged data\latest.json
2026-07-16 17:23:25,023 - INFO - Committed (amended): Update voltage data: 13.465V at 2026-07-16 17:23:24
2026-07-16 17:23:28,782 - INFO - Pushed to origin/data-deploy (force)
2026-07-16 17:23:28,783 - INFO - Sync complete - Voltage: 13.465V
2026-07-16 17:28:20,717 - INFO - Detected change to latest.json
2026-07-16 17:28:20,721 - INFO - Detected change to latest.json
2026-07-16 17:28:21,009 - INFO - Starting Git sync...
2026-07-16 17:28:21,141 - INFO - Staged data\latest.json
2026-07-16 17:28:21,325 - INFO - Committed (amended): Update voltage data: 13.403V at 2026-07-16 17:28:21
2026-07-16 17:28:25,651 - INFO - Pushed to origin/data-deploy (force)
2026-07-16 17:28:25,651 - INFO - Sync complete - Voltage: 13.403V
2026-07-16 17:33:20,749 - INFO - Detected change to latest.json
2026-07-16 17:33:20,756 - INFO - Detected change to latest.json
2026-07-16 17:33:20,827 - INFO - Starting Git sync...
2026-07-16 17:33:20,979 - INFO - Staged data\latest.json
2026-07-16 17:33:21,173 - INFO - Committed (amended): Update voltage data: 13.19V at 2026-07-16 17:33:20
2026-07-16 17:33:24,855 - INFO - Pushed to origin/data-deploy (force)
2026-07-16 17:33:24,855 - INFO - Sync complete - Voltage: 13.19V
2026-07-16 17:38:20,689 - INFO - Detected change to latest.json
2026-07-16 17:38:20,694 - INFO - Detected change to latest.json
2026-07-16 17:38:21,028 - INFO - Starting Git sync...
2026-07-16 17:38:21,120 - INFO - Staged data\latest.json
2026-07-16 17:38:21,271 - INFO - Committed (amended): Update voltage data: 13.336V at 2026-07-16 17:38:21
2026-07-16 17:38:24,943 - INFO - Pushed to origin/data-deploy (force)
2026-07-16 17:38:24,943 - INFO - Sync complete - Voltage: 13.336V
2026-07-16 17:43:20,671 - INFO - Detected change to latest.json
2026-07-16 17:43:20,674 - INFO - Detected change to latest.json
2026-07-16 17:43:21,250 - INFO - Starting Git sync...
2026-07-16 17:43:21,365 - INFO - Staged data\latest.json
2026-07-16 17:43:21,564 - INFO - Committed (amended): Update voltage data: 13.273V at 2026-07-16 17:43:21
2026-07-16 17:43:25,181 - INFO - Pushed to origin/data-deploy (force)
2026-07-16 17:43:25,182 - INFO - Sync complete - Voltage: 13.273V
2026-07-16 17:48:20,654 - INFO - Detected change to latest.json
2026-07-16 17:48:20,658 - INFO - Detected change to latest.json
2026-07-16 17:48:21,389 - INFO - Starting Git sync...
2026-07-16 17:48:21,483 - INFO - Staged data\latest.json
2026-07-16 17:48:21,627 - INFO - Committed (amended): Update voltage data: 12.854V at 2026-07-16 17:48:21
2026-07-16 17:48:24,725 - INFO - Pushed to origin/data-deploy (force)
2026-07-16 17:48:24,727 - INFO - Sync complete - Voltage: 12.854V
2026-07-16 17:53:20,673 - INFO - Detected change to latest.json
2026-07-16 17:53:20,677 - INFO - Detected change to latest.json
2026-07-16 17:53:20,871 - INFO - Starting Git sync...
2026-07-16 17:53:20,976 - INFO - Staged data\latest.json
2026-07-16 17:53:21,127 - INFO - Committed (amended): Update voltage data: 13.595V at 2026-07-16 17:53:20
2026-07-16 17:53:24,220 - INFO - Pushed to origin/data-deploy (force)
2026-07-16 17:53:24,220 - INFO - Sync complete - Voltage: 13.595V
2026-07-16 17:58:20,627 - INFO - Detected change to latest.json
2026-07-16 17:58:20,631 - INFO - Detected change to latest.json
2026-07-16 17:58:21,393 - INFO - Starting Git sync...
2026-07-16 17:58:21,508 - INFO - Staged data\latest.json
2026-07-16 17:58:21,692 - INFO - Committed (amended): Update voltage data: 13.207V at 2026-07-16 17:58:21
2026-07-16 17:58:24,727 - INFO - Pushed to origin/data-deploy (force)
2026-07-16 17:58:24,727 - INFO - Sync complete - Voltage: 13.207V
2026-07-16 18:03:20,609 - INFO - Detected change to latest.json
2026-07-16 18:03:20,613 - INFO - Detected change to latest.json
2026-07-16 18:03:20,883 - INFO - Starting Git sync...
2026-07-16 18:03:20,997 - INFO - Staged data\latest.json
2026-07-16 18:03:21,186 - INFO - Committed (amended): Update voltage data: 12.833V at 2026-07-16 18:03:20
2026-07-16 18:03:24,873 - INFO - Pushed to origin/data-deploy (force)
2026-07-16 18:03:24,873 - INFO - Sync complete - Voltage: 12.833V
2026-07-16 18:08:21,164 - INFO - Detected change to latest.json
2026-07-16 18:08:21,169 - INFO - Detected change to latest.json
2026-07-16 18:08:21,305 - INFO - Starting Git sync...
2026-07-16 18:08:21,433 - INFO - Staged data\latest.json
2026-07-16 18:08:21,620 - INFO - Committed (amended): Update voltage data: 13.071V at 2026-07-16 18:08:21
2026-07-16 18:08:25,445 - INFO - Pushed to origin/data-deploy (force)
2026-07-16 18:08:25,446 - INFO - Sync complete - Voltage: 13.071V
2026-07-16 18:13:20,758 - INFO - Detected change to latest.json
2026-07-16 18:13:20,762 - INFO - Detected change to latest.json
2026-07-16 18:13:21,643 - INFO - Starting Git sync...
2026-07-16 18:13:21,770 - INFO - Staged data\latest.json
2026-07-16 18:13:21,959 - INFO - Committed (amended): Update voltage data: 13.221V at 2026-07-16 18:13:21
2026-07-16 18:13:25,401 - INFO - Pushed to origin/data-deploy (force)
2026-07-16 18:13:25,401 - INFO - Sync complete - Voltage: 13.221V
2026-07-16 18:18:20,781 - INFO - Detected change to latest.json
2026-07-16 18:18:20,784 - INFO - Detected change to latest.json
2026-07-16 18:18:21,566 - INFO - Starting Git sync...
2026-07-16 18:18:21,683 - INFO - Staged data\latest.json
2026-07-16 18:18:21,874 - INFO - Committed (amended): Update voltage data: 12.75V at 2026-07-16 18:18:21
2026-07-16 18:18:25,463 - INFO - Pushed to origin/data-deploy (force)
2026-07-16 18:18:25,463 - INFO - Sync complete - Voltage: 12.75V
2026-07-16 18:23:20,720 - INFO - Detected change to latest.json
2026-07-16 18:23:20,724 - INFO - Detected change to latest.json
2026-07-16 18:23:21,683 - INFO - Starting Git sync...
2026-07-16 18:23:21,801 - INFO - Staged data\latest.json
2026-07-16 18:23:21,997 - INFO - Committed (amended): Update voltage data: 13.322V at 2026-07-16 18:23:21
2026-07-16 18:23:26,004 - INFO - Pushed to origin/data-deploy (force)
2026-07-16 18:23:26,005 - INFO - Sync complete - Voltage: 13.322V
2026-07-16 18:28:20,936 - INFO - Detected change to latest.json
2026-07-16 18:28:21,459 - INFO - Starting Git sync...
2026-07-16 18:28:23,153 - INFO - Staged data\latest.json
2026-07-16 18:28:23,469 - INFO - Committed (amended): Update voltage data: 13.308V at 2026-07-16 18:28:23
2026-07-16 18:28:43,317 - INFO - Pushed to origin/data-deploy (force)
2026-07-16 18:28:43,317 - INFO - Sync complete - Voltage: 13.308V
2026-07-16 18:33:21,306 - INFO - Detected change to latest.json
2026-07-16 18:33:21,317 - INFO - Detected change to latest.json
2026-07-16 18:33:21,500 - INFO - Starting Git sync...
2026-07-16 18:33:21,653 - INFO - Staged data\latest.json
2026-07-16 18:33:21,903 - INFO - Committed (amended): Update voltage data: 13.308V at 2026-07-16 18:33:21
2026-07-16 18:33:26,863 - INFO - Pushed to origin/data-deploy (force)
2026-07-16 18:33:27,001 - INFO - Sync complete - Voltage: 13.308V
2026-07-16 18:38:21,305 - INFO - Detected change to latest.json
2026-07-16 18:38:21,309 - INFO - Detected change to latest.json
2026-07-16 18:38:21,310 - INFO - Detected change to latest.json
2026-07-16 18:38:21,312 - INFO - Detected change to latest.json
2026-07-16 18:38:21,820 - INFO - Starting Git sync...
2026-07-16 18:38:22,114 - INFO - Staged data\latest.json
2026-07-16 18:38:22,409 - INFO - Committed (amended): Update voltage data: 13.298V at 2026-07-16 18:38:22
2026-07-16 18:38:26,219 - INFO - Pushed to origin/data-deploy (force)
2026-07-16 18:38:26,220 - INFO - Sync complete - Voltage: 13.298V
2026-07-16 18:43:21,297 - INFO - Detected change to latest.json
2026-07-16 18:43:21,302 - INFO - Detected change to latest.json
2026-07-16 18:43:21,383 - INFO - Starting Git sync...
2026-07-16 18:43:21,493 - INFO - Staged data\latest.json
2026-07-16 18:43:21,671 - INFO - Committed (amended): Update voltage data: 12.9V at 2026-07-16 18:43:21
2026-07-16 18:43:25,915 - INFO - Pushed to origin/data-deploy (force)
2026-07-16 18:43:25,915 - INFO - Sync complete - Voltage: 12.9V
2026-07-16 18:50:35,241 - INFO - ============================================================
2026-07-16 18:50:35,269 - INFO - ESP32 Voltage Monitor - Git Auto-Sync Starting
2026-07-16 18:50:35,269 - INFO - ============================================================
2026-07-16 18:50:35,269 - INFO - Checking Git configuration...
2026-07-16 18:50:59,533 - INFO - Git version: git version 2.47.0.windows.2
2026-07-16 18:51:01,943 - INFO - Git repository detected
2026-07-16 18:51:02,399 - INFO - Git remote:
origin	https://github.com/ollieadams23/arduino_voltage_monitor.git (fetch)
origin	https://github.com/ollieadams23/arduino_voltage_monitor.git (push)
2026-07-16 18:51:02,400 - INFO - Watching for changes: C:\Users\Ollie\Documents\projects\voltage monitor\service\data\latest.json
2026-07-16 18:51:02,401 - INFO - Debounce time: 10 seconds
2026-07-16 18:51:02,402 - INFO - Log file: C:\Users\Ollie\Documents\projects\voltage monitor\service\data\git_sync.log
2026-07-16 18:51:02,402 - INFO - Press Ctrl+C to stop
2026-07-16 18:51:02,402 - INFO - ============================================================
2026-07-16 18:53:21,401 - INFO - Detected change to latest.json
2026-07-16 18:53:21,459 - INFO - Detected change to latest.json
2026-07-16 18:53:22,384 - INFO - Starting Git sync...
2026-07-16 18:53:22,892 - INFO - Staged data\latest.json
2026-07-16 18:53:23,670 - INFO - Committed (amended): Update voltage data: 13.266V at 2026-07-16 18:53:22
2026-07-16 18:53:34,195 - INFO - Pushed to origin/data-deploy (force)
2026-07-16 18:53:34,195 - INFO - Sync complete - Voltage: 13.266V
2026-07-16 18:58:21,707 - INFO - Detected change to latest.json
2026-07-16 18:58:21,751 - INFO - Detected change to latest.json
2026-07-16 18:58:22,635 - INFO - Starting Git sync...
2026-07-16 18:58:24,107 - INFO - Staged data\latest.json
2026-07-16 18:58:25,056 - INFO - Committed (amended): Update voltage data: 13.13V at 2026-07-16 18:58:24
2026-07-16 18:58:31,055 - INFO - Pushed to origin/data-deploy (force)
2026-07-16 18:58:31,056 - INFO - Sync complete - Voltage: 13.13V
2026-07-16 19:04:11,181 - INFO - Detected change to latest.json
2026-07-16 19:04:11,271 - INFO - Detected change to latest.json
2026-07-16 19:04:12,220 - INFO - Starting Git sync...
2026-07-16 19:04:14,076 - INFO - Staged data\latest.json
2026-07-16 19:04:14,732 - INFO - Committed (amended): Update voltage data: 3.845V at 2026-07-16 19:04:14
2026-07-16 19:04:20,020 - INFO - Pushed to origin/data-deploy (force)
2026-07-16 19:04:20,020 - INFO - Sync complete - Voltage: 3.845V
2026-07-16 19:09:20,247 - INFO - Detected change to latest.json
2026-07-16 19:09:26,519 - INFO - Starting Git sync...
2026-07-16 19:10:10,197 - ERROR - Git command timed out
2026-07-16 19:10:10,199 - ERROR - Git add failed: Timeout
2026-07-16 19:14:08,670 - INFO - Detected change to latest.json
2026-07-16 19:14:08,676 - INFO - Detected change to latest.json
2026-07-16 19:14:09,320 - INFO - Starting Git sync...
2026-07-16 19:14:14,152 - INFO - Detected change to latest.json
2026-07-16 19:14:34,158 - INFO - Staged data\latest.json
2026-07-16 19:14:34,865 - INFO - Committed (amended): Update voltage data: 3.803V at 2026-07-16 19:14:34
2026-07-16 19:15:26,604 - ERROR - Git command timed out
2026-07-16 19:15:26,604 - ERROR - Git push failed: Timeout
2026-07-16 19:15:26,605 - ERROR - You may need to configure Git credentials or check network connection
2026-07-16 19:15:27,606 - INFO - Starting Git sync...
2026-07-16 19:15:54,112 - INFO - No changes to sync. data\latest.json is already tracked and Git sees no diff.
2026-07-16 19:19:08,705 - INFO - Detected change to latest.json
2026-07-16 19:19:08,709 - INFO - Detected change to latest.json
2026-07-16 19:19:08,711 - INFO - Detected change to latest.json
2026-07-16 19:19:08,712 - INFO - Detected change to latest.json
2026-07-16 19:19:09,685 - INFO - Starting Git sync...
2026-07-16 19:19:11,245 - INFO - Staged data\latest.json
2026-07-16 19:19:11,964 - INFO - Committed (amended): Update voltage data: 3.799V at 2026-07-16 19:19:11
2026-07-16 19:19:16,465 - INFO - Pushed to origin/data-deploy (force)
2026-07-16 19:19:16,465 - INFO - Sync complete - Voltage: 3.799V
2026-07-16 19:24:18,730 - INFO - Detected change to latest.json
2026-07-16 19:24:28,307 - INFO - Starting Git sync...
2026-07-16 19:24:29,470 - INFO - Staged data\latest.json
2026-07-16 19:24:30,217 - INFO - Committed (amended): Update voltage data: 3.803V at 2026-07-16 19:24:29
2026-07-16 19:24:37,633 - INFO - Pushed to origin/data-deploy (force)
2026-07-16 19:24:37,634 - INFO - Sync complete - Voltage: 3.803V
2026-07-16 19:29:08,819 - INFO - Detected change to latest.json
2026-07-16 19:29:08,824 - INFO - Detected change to latest.json
2026-07-16 19:29:08,825 - INFO - Detected change to latest.json
2026-07-16 19:29:09,138 - INFO - Starting Git sync...
2026-07-16 19:29:09,774 - INFO - Staged data\latest.json
2026-07-16 19:29:11,425 - INFO - Committed (amended): Update voltage data: 3.803V at 2026-07-16 19:29:09
2026-07-16 19:29:15,000 - INFO - Pushed to origin/data-deploy (force)
2026-07-16 19:29:15,001 - INFO - Sync complete - Voltage: 3.803V
2026-07-16 19:34:12,998 - INFO - Detected change to latest.json
2026-07-16 19:34:24,591 - INFO - Starting Git sync...
2026-07-16 19:35:00,659 - ERROR - Git command timed out
2026-07-16 19:35:00,660 - ERROR - Git add failed: Timeout
2026-07-16 19:39:08,835 - INFO - Detected change to latest.json
2026-07-16 19:39:08,837 - INFO - Detected change to latest.json
2026-07-16 19:39:08,839 - INFO - Detected change to latest.json
2026-07-16 19:39:08,839 - INFO - Detected change to latest.json
2026-07-16 19:39:09,781 - INFO - Starting Git sync...
2026-07-16 19:39:09,908 - INFO - Staged data\latest.json
2026-07-16 19:39:10,175 - INFO - Committed (amended): Update voltage data: 3.81V at 2026-07-16 19:39:09
2026-07-16 19:39:21,413 - ERROR - Git push failed: fatal: unable to access 'https://github.com/ollieadams23/arduino_voltage_monitor.git/': Could not resolve host: github.com

2026-07-16 19:39:21,413 - ERROR - You may need to configure Git credentials or check network connection
2026-07-16 19:41:10,939 - INFO - Detected change to latest.json
2026-07-16 19:41:10,943 - INFO - Detected change to latest.json
2026-07-16 19:41:10,945 - INFO - Detected change to latest.json
2026-07-16 19:41:10,945 - INFO - Detected change to latest.json
2026-07-16 19:41:11,902 - INFO - Starting Git sync...
2026-07-16 19:41:12,043 - INFO - Staged data\latest.json
2026-07-16 19:41:12,274 - INFO - Committed (amended): Update voltage data: 3.796V at 2026-07-16 19:41:12
2026-07-16 19:41:16,148 - INFO - Pushed to origin/data-deploy (force)
2026-07-16 19:41:16,149 - INFO - Sync complete - Voltage: 3.796V
2026-07-16 19:46:09,007 - INFO - Detected change to latest.json
2026-07-16 19:46:09,011 - INFO - Detected change to latest.json
2026-07-16 19:46:09,013 - INFO - Detected change to latest.json
2026-07-16 19:46:09,567 - INFO - Starting Git sync...
2026-07-16 19:46:09,652 - INFO - Staged data\latest.json
2026-07-16 19:46:09,856 - INFO - Committed (amended): Update voltage data: 3.806V at 2026-07-16 19:46:09
2026-07-16 19:46:13,350 - INFO - Pushed to origin/data-deploy (force)
2026-07-16 19:46:13,350 - INFO - Sync complete - Voltage: 3.806V
2026-07-16 19:51:09,180 - INFO - Detected change to latest.json
2026-07-16 19:51:09,182 - INFO - Detected change to latest.json
2026-07-16 19:51:09,184 - INFO - Detected change to latest.json
2026-07-16 19:51:09,185 - INFO - Detected change to latest.json
2026-07-16 19:51:09,186 - INFO - Detected change to latest.json
2026-07-16 19:51:09,519 - INFO - Starting Git sync...
2026-07-16 19:51:09,847 - INFO - Staged data\latest.json
2026-07-16 19:51:10,080 - INFO - Committed (amended): Update voltage data: 3.817V at 2026-07-16 19:51:09
2026-07-16 19:51:14,215 - INFO - Pushed to origin/data-deploy (force)
2026-07-16 19:51:14,215 - INFO - Sync complete - Voltage: 3.817V
2026-07-16 19:56:09,223 - INFO - Detected change to latest.json
2026-07-16 19:56:09,227 - INFO - Detected change to latest.json
2026-07-16 19:56:09,228 - INFO - Detected change to latest.json
2026-07-16 19:56:09,228 - INFO - Detected change to latest.json
2026-07-16 19:56:09,380 - INFO - Starting Git sync...
2026-07-16 19:56:09,554 - INFO - Staged data\latest.json
2026-07-16 19:56:09,779 - INFO - Committed (amended): Update voltage data: 3.81V at 2026-07-16 19:56:09
2026-07-16 19:56:14,494 - INFO - Pushed to origin/data-deploy (force)
2026-07-16 19:56:14,494 - INFO - Sync complete - Voltage: 3.81V
2026-07-16 20:00:52,903 - INFO - Detected change to latest.json
2026-07-16 20:00:52,909 - INFO - Detected change to latest.json
2026-07-16 20:00:52,912 - INFO - Detected change to latest.json
2026-07-16 20:00:52,913 - INFO - Detected change to latest.json
2026-07-16 20:00:53,872 - INFO - Starting Git sync...
2026-07-16 20:00:54,026 - INFO - Staged data\latest.json
2026-07-16 20:00:54,319 - INFO - Committed (amended): Update voltage data: 3.803V at 2026-07-16 20:00:54
2026-07-16 20:00:59,647 - INFO - Pushed to origin/data-deploy (force)
2026-07-16 20:00:59,648 - INFO - Sync complete - Voltage: 3.803V
2026-07-16 20:02:55,181 - INFO - Detected change to latest.json
2026-07-16 20:02:55,185 - INFO - Detected change to latest.json
2026-07-16 20:02:55,185 - INFO - Detected change to latest.json
2026-07-16 20:02:55,707 - INFO - Starting Git sync...
2026-07-16 20:02:55,845 - INFO - Staged data\latest.json
2026-07-16 20:02:56,635 - INFO - Committed (amended): Update voltage data: 13.081V at 2026-07-16 20:02:55
2026-07-16 20:03:00,544 - INFO - Pushed to origin/data-deploy (force)
2026-07-16 20:03:00,544 - INFO - Sync complete - Voltage: 13.081V
2026-07-16 20:07:55,205 - INFO - Detected change to latest.json
2026-07-16 20:07:55,209 - INFO - Detected change to latest.json
2026-07-16 20:07:55,210 - INFO - Detected change to latest.json
2026-07-16 20:07:55,210 - INFO - Detected change to latest.json
2026-07-16 20:07:55,716 - INFO - Starting Git sync...
2026-07-16 20:07:55,814 - INFO - Staged data\latest.json
2026-07-16 20:07:55,997 - INFO - Committed (amended): Update voltage data: 13.123V at 2026-07-16 20:07:55
2026-07-16 20:08:07,196 - ERROR - Git push failed: fatal: unable to access 'https://github.com/ollieadams23/arduino_voltage_monitor.git/': Could not resolve host: github.com

2026-07-16 20:08:07,197 - ERROR - You may need to configure Git credentials or check network connection
2026-07-16 20:12:55,138 - INFO - Detected change to latest.json
2026-07-16 20:12:55,141 - INFO - Detected change to latest.json
2026-07-16 20:12:55,143 - INFO - Detected change to latest.json
2026-07-16 20:12:55,350 - INFO - Starting Git sync...
2026-07-16 20:12:55,494 - INFO - Staged data\latest.json
2026-07-16 20:12:55,700 - INFO - Committed (amended): Update voltage data: 13.106V at 2026-07-16 20:12:55
2026-07-16 20:13:06,930 - ERROR - Git push failed: fatal: unable to access 'https://github.com/ollieadams23/arduino_voltage_monitor.git/': Could not resolve host: github.com

2026-07-16 20:13:06,930 - ERROR - You may need to configure Git credentials or check network connection
2026-07-16 20:17:55,123 - INFO - Detected change to latest.json
2026-07-16 20:17:55,127 - INFO - Detected change to latest.json
2026-07-16 20:17:55,130 - INFO - Detected change to latest.json
2026-07-16 20:17:55,130 - INFO - Detected change to latest.json
2026-07-16 20:17:56,123 - INFO - Starting Git sync...
2026-07-16 20:17:56,224 - INFO - Staged data\latest.json
2026-07-16 20:17:56,410 - INFO - Committed (amended): Update voltage data: 12.907V at 2026-07-16 20:17:56
2026-07-16 20:18:00,109 - INFO - Pushed to origin/data-deploy (force)
2026-07-16 20:18:00,109 - INFO - Sync complete - Voltage: 12.907V
